exports[`Text Renders a plain Text component 1`] = `
<span>
  Howdy!
</span>
`;
