exports[`Snapshots Button Default 1`] = `
<button
  className="button"
  disabled={undefined}
  onClick={undefined}>
  Button text
</button>
`;

exports[`Snapshots Button borderless 1`] = `
<button
  className="button borderless"
  disabled={undefined}
  onClick={undefined}>
  Button text
</button>
`;

exports[`Snapshots Button disabled 1`] = `
<div>
  <p>
    Default
  </p>
  <button
    className="button"
    disabled={true}
    onClick={undefined}>
    Button text
  </button>
  <br />
  <br />
  <p>
    Borderless
  </p>
  <button
    className="button borderless"
    disabled={true}
    onClick={undefined}>
    Button text
  </button>
  <br />
  <br />
  <p>
    Large
  </p>
  <button
    className="button large"
    disabled={true}
    onClick={undefined}>
    Button text
  </button>
  <br />
  <br />
  <p>
    Secondary
  </p>
  <button
    className="button secondary"
    disabled={true}
    onClick={undefined}>
    Button text
  </button>
  <br />
  <br />
  <p>
    Small
  </p>
  <button
    className="button small"
    disabled={true}
    onClick={undefined}>
    Button text
  </button>
  <br />
  <br />
  <p>
    Tertiary
  </p>
  <button
    className="button tertiary"
    disabled={true}
    onClick={undefined}>
    Button text
  </button>
  <br />
  <br />
  <p>
    Warning
  </p>
  <button
    className="button warning"
    disabled={true}
    onClick={undefined}>
    Button text
  </button>
  <p>
    Click Events Should Not Fire
  </p>
  <button
    className="button"
    disabled={true}
    onClick={[Function]}>
    No Events :(
  </button>
</div>
`;

exports[`Snapshots Button fillContainer 1`] = `
<div
  style={
    Object {
      "boxSizing": "border-box",
    }
  }>
  <button
    className="button fill-container"
    disabled={undefined}
    onClick={undefined}>
    Max WIDTH
  </button>
</div>
`;

exports[`Snapshots Button large 1`] = `
<button
  className="button large"
  disabled={undefined}
  onClick={undefined}>
  Button text
</button>
`;

exports[`Snapshots Button noStyle 1`] = `
<button
  className="no-style"
  disabled={undefined}
  onClick={[Function]}>
  <span
    className="text small">
    Use this as an a11y friendly click target
  </span>
</button>
`;

exports[`Snapshots Button onClick event 1`] = `
<button
  className="button"
  disabled={undefined}
  onClick={[Function]}>
  Click Me
</button>
`;

exports[`Snapshots Button secondary 1`] = `
<button
  className="button secondary"
  disabled={undefined}
  onClick={undefined}>
  Button text
</button>
`;

exports[`Snapshots Button small 1`] = `
<button
  className="button small"
  disabled={undefined}
  onClick={undefined}>
  Button text
</button>
`;

exports[`Snapshots Button tertiary 1`] = `
<button
  className="button tertiary"
  disabled={undefined}
  onClick={undefined}>
  Button text
</button>
`;

exports[`Snapshots Button warning 1`] = `
<button
  className="button warning"
  disabled={undefined}
  onClick={undefined}>
  Button text
</button>
`;

exports[`Snapshots Card default 1`] = `
<div
  className="card"
  onMouseEnter={undefined}
  onMouseLeave={undefined}>
  What is a Product Designer? An awesome story by 
  <a
    className="link"
    href="#">
    @jgadapee
  </a>
   over on Medium! 
  <a
    className="link"
    href="#">
    http://buff.ly/1LTbUqv
  </a>
</div>
`;

exports[`Snapshots Card doublePadding 1`] = `
<div
  className="card double-padding"
  onMouseEnter={undefined}
  onMouseLeave={undefined}>
  What is a Product Designer? An awesome story by 
  <a
    className="link"
    href="#">
    @jgadapee
  </a>
   over on Medium! 
  <a
    className="link"
    href="#">
    http://buff.ly/1LTbUqv
  </a>
</div>
`;

exports[`Snapshots Card empty + hovered 1`] = `
<div
  className="card empty hovered"
  onMouseEnter={undefined}
  onMouseLeave={undefined}>
  What is a Product Designer? An awesome story by 
  <a
    className="link"
    href="#">
    @jgadapee
  </a>
   over on Medium! 
  <a
    className="link"
    href="#">
    http://buff.ly/1LTbUqv
  </a>
</div>
`;

exports[`Snapshots Card empty 1`] = `
<div
  className="card empty"
  onMouseEnter={undefined}
  onMouseLeave={undefined}>
  Nothing to see here! ðŸ‘»
</div>
`;

exports[`Snapshots Card faded 1`] = `
<div
  className="card faded"
  onMouseEnter={undefined}
  onMouseLeave={undefined}>
  What is a Product Designer? An awesome story by 
  <a
    className="link"
    href="#">
    @jgadapee
  </a>
   over on Medium! 
  <a
    className="link"
    href="#">
    http://buff.ly/1LTbUqv
  </a>
</div>
`;

exports[`Snapshots Card failed 1`] = `
<div
  className="card failed"
  onMouseEnter={undefined}
  onMouseLeave={undefined}>
  What is a Product Designer? An awesome story by 
  <a
    className="link"
    href="#">
    @jgadapee
  </a>
   over on Medium! 
  <a
    className="link"
    href="#">
    http://buff.ly/1LTbUqv
  </a>
</div>
`;

exports[`Snapshots Card hovered 1`] = `
<div
  className="card hovered"
  onMouseEnter={undefined}
  onMouseLeave={undefined}>
  What is a Product Designer? An awesome story by 
  <a
    className="link"
    href="#">
    @jgadapee
  </a>
   over on Medium! 
  <a
    className="link"
    href="#">
    http://buff.ly/1LTbUqv
  </a>
</div>
`;

exports[`Snapshots Card noBorder 1`] = `
<div
  className="card no-border"
  onMouseEnter={undefined}
  onMouseLeave={undefined}>
  What is a Product Designer? An awesome story by 
  <a
    className="link"
    href="#">
    @jgadapee
  </a>
   over on Medium! 
  <a
    className="link"
    href="#">
    http://buff.ly/1LTbUqv
  </a>
</div>
`;

exports[`Snapshots Card noPadding 1`] = `
<div
  className="card no-padding"
  onMouseEnter={undefined}
  onMouseLeave={undefined}>
  What is a Product Designer? An awesome story by 
  <a
    className="link"
    href="#">
    @jgadapee
  </a>
   over on Medium! 
  <a
    className="link"
    href="#">
    http://buff.ly/1LTbUqv
  </a>
</div>
`;

exports[`Snapshots Card onMouseEnter + onMouseLeave 1`] = `
<div
  className="card"
  onMouseEnter={[Function]}
  onMouseLeave={[Function]}>
  What is a Product Designer? An awesome story by 
  <a
    className="link"
    href="#">
    @jgadapee
  </a>
   over on Medium! 
  <a
    className="link"
    href="#">
    http://buff.ly/1LTbUqv
  </a>
</div>
`;

exports[`Snapshots Icon buffer 1`] = `
<i
  className="icon undefined bi bi-buffer" />
`;

exports[`Snapshots Icon circle-twitter 1`] = `
<i
  className="icon undefined bi bi-circle-twitter" />
`;

exports[`Snapshots Icon large 1`] = `
<i
  className="icon large undefined bi bi-buffer" />
`;

exports[`Snapshots Icon small 1`] = `
<i
  className="icon small undefined bi bi-buffer" />
`;

exports[`Snapshots Image Default 1`] = `
<img
  alt="Image"
  className=""
  src="http://lorempixel.com/400/400/cats/"
  style={
    Object {
      "height": undefined,
      "maxHeight": undefined,
      "maxWidth": undefined,
      "objectFit": undefined,
      "width": undefined,
    }
  } />
`;

exports[`Snapshots Image MH=10em 1`] = `
<img
  alt="Image"
  className=""
  src="http://lorempixel.com/400/400/cats/"
  style={
    Object {
      "height": undefined,
      "maxHeight": "10em",
      "maxWidth": undefined,
      "objectFit": undefined,
      "width": "14em",
    }
  } />
`;

exports[`Snapshots Image MW=10em 1`] = `
<img
  alt="Image"
  className=""
  src="http://lorempixel.com/400/400/cats/"
  style={
    Object {
      "height": "14em",
      "maxHeight": undefined,
      "maxWidth": "10em",
      "objectFit": undefined,
      "width": undefined,
    }
  } />
`;

exports[`Snapshots Image W=10em H=10em 1`] = `
<img
  alt="Image"
  className=""
  src="http://lorempixel.com/400/400/cats/"
  style={
    Object {
      "height": "10em",
      "maxHeight": undefined,
      "maxWidth": undefined,
      "objectFit": undefined,
      "width": "10em",
    }
  } />
`;

exports[`Snapshots Image W=40px H=40px 1`] = `
<img
  alt="Image"
  className=""
  src="http://lorempixel.com/400/400/cats/"
  style={
    Object {
      "height": "40px",
      "maxHeight": undefined,
      "maxWidth": undefined,
      "objectFit": undefined,
      "width": "40px",
    }
  } />
`;

exports[`Snapshots Image W=100% 1`] = `
<img
  alt="Image"
  className=""
  src="http://lorempixel.com/400/400/cats/"
  style={
    Object {
      "height": undefined,
      "maxHeight": undefined,
      "maxWidth": undefined,
      "objectFit": undefined,
      "width": "100%",
    }
  } />
`;

exports[`Snapshots Image border: circle 1`] = `
<img
  alt="Image"
  className="circle"
  src="http://lorempixel.com/400/400/cats/"
  style={
    Object {
      "height": undefined,
      "maxHeight": undefined,
      "maxWidth": undefined,
      "objectFit": undefined,
      "width": undefined,
    }
  } />
`;

exports[`Snapshots Image border: rounded 1`] = `
<img
  alt="Image"
  className="rounded"
  src="http://lorempixel.com/400/400/cats/"
  style={
    Object {
      "height": undefined,
      "maxHeight": undefined,
      "maxWidth": undefined,
      "objectFit": undefined,
      "width": undefined,
    }
  } />
`;

exports[`Snapshots Image small image 1`] = `
<img
  alt="Image"
  className=""
  src="http://lorempixel.com/50/50/cats/"
  style={
    Object {
      "height": undefined,
      "maxHeight": "10em",
      "maxWidth": "10em",
      "objectFit": "contain",
      "width": "10em",
    }
  } />
`;

exports[`Snapshots Image tall image 1`] = `
<img
  alt="Image"
  className=""
  src="http://lorempixel.com/400/1000/cats/"
  style={
    Object {
      "height": "10em",
      "maxHeight": "10em",
      "maxWidth": "10em",
      "objectFit": "contain",
      "width": "10em",
    }
  } />
`;

exports[`Snapshots Image wide image 1`] = `
<img
  alt="Image"
  className=""
  src="http://lorempixel.com/1000/400/cats/"
  style={
    Object {
      "height": "10em",
      "maxHeight": "10em",
      "maxWidth": "10em",
      "objectFit": "contain",
      "width": "10em",
    }
  } />
`;

exports[`Snapshots Link Default 1`] = `
<div>
  <a
    className="link"
    href="https://twitter.com">
    Twitter
  </a>
  <br />
  <a
    className="link"
    href="https://buffer.com">
    Buffer
  </a>
</div>
`;

exports[`Snapshots LinkifiedText default 1`] = `
<span
  className="text">
  a 
  <a
    className="link"
    href="http://blog.twitter.com/2011/05/twitter-for-mac-update.html">
    blog.twitter.com/2011/05/twitteâ€¦
  </a>
   b
</span>
`;

exports[`Snapshots LinkifiedText empty string 1`] = `
<span
  className="text" />
`;

exports[`Snapshots LinkifiedText no links 1`] = `
<span
  className="text">
  a b
</span>
`;

exports[`Snapshots LinkifiedText two links 1`] = `
<span
  className="text">
  a 
  <a
    className="link"
    href="http://blog.twitter.com/2011/05/twitter-for-mac-update.html">
    blog.twitter.com/2011/05/twitteâ€¦
  </a>
   b 
  <a
    className="link"
    href="https://buffer.com">
    buffer.com
  </a>
   c
</span>
`;

exports[`Snapshots List default 1`] = `
<ul
  className="ul">
  <li
    className="li">
    apples
  </li>
  <li
    className="li">
    bananas
  </li>
  <li
    className="li">
    oranges
  </li>
</ul>
`;

exports[`Snapshots ListItem default 1`] = `
<li
  className="li">
  Bananas
</li>
`;

exports[`Snapshots Loader default 1`] = `
<div
  className="loader">
  <div
    className="icon">
    <i
      className="icon top bi bi-buffer-top" />
    <i
      className="icon middle bi bi-buffer-middle" />
    <i
      className="icon bottom bi bi-buffer-bottom" />
  </div>
</div>
`;

exports[`Snapshots Loader withText 1`] = `
<div
  className="loader">
  <div
    className="icon">
    <i
      className="icon top bi bi-buffer-top" />
    <i
      className="icon middle bi bi-buffer-middle" />
    <i
      className="icon bottom bi bi-buffer-bottom" />
  </div>
  <span
    className="text">
    Some neat loading text!
  </span>
</div>
`;

exports[`Snapshots NavBar Default 1`] = `
<div
  className="navbar">
  <i
    className="icon app-icon bi bi-buffer" />
  <span
    className="text bold">
    Buffer
  </span>
  <span
    className="text">
    
  </span>
</div>
`;

exports[`Snapshots NavBar Subtitle 1`] = `
<div
  className="navbar">
  <i
    className="icon app-icon bi bi-buffer" />
  <span
    className="text bold">
    Buffer
  </span>
  <span
    className="text">
    Â NavBar
  </span>
</div>
`;

exports[`Snapshots Text Bold 1`] = `
<span
  className="text bold">
  The quick brown fox jumps over the lazy dog
</span>
`;

exports[`Snapshots Text Default 1`] = `
<span
  className="text">
  The quick brown fox jumps over the lazy dog
</span>
`;

exports[`Snapshots Text ExtraSmall 1`] = `
<span
  className="text extraSmall">
  The quick brown fox jumps over the lazy dog
</span>
`;

exports[`Snapshots Text Gray 1`] = `
<span
  className="text gray">
  The quick brown fox jumps over the lazy dog
</span>
`;

exports[`Snapshots Text Large 1`] = `
<span
  className="text large">
  The quick brown fox jumps over the lazy dog
</span>
`;

exports[`Snapshots Text Small 1`] = `
<span
  className="text small">
  The quick brown fox jumps over the lazy dog
</span>
`;

exports[`Snapshots Text Thin 1`] = `
<span
  className="text thin">
  The quick brown fox jumps over the lazy dog
</span>
`;

exports[`Snapshots Text White 1`] = `
<span
  className="text white">
  The quick brown fox jumps over the lazy dog
</span>
`;

exports[`Snapshots Video Default 1`] = `
<video
  className=""
  controls={true}
  height={undefined}
  width={undefined}>
  <source
    src="https://buffer-media-uploads.s3.amazonaws.com/52bc7a190a0e32ec4c000020/57bf2d1c6896977343f80535/output/87be589cc006a816411e8799ad3e67d9.original.mp4"
    type="video/mp4" />
  \"Your Browser Does Not Support Video\"
</video>
`;

exports[`Snapshots Video No Controls 1`] = `
<video
  className=""
  controls={false}
  height={undefined}
  width={undefined}>
  <source
    src="https://buffer-media-uploads.s3.amazonaws.com/52bc7a190a0e32ec4c000020/57bf2d1c6896977343f80535/output/87be589cc006a816411e8799ad3e67d9.original.mp4"
    type="video/mp4" />
  \"Your Browser Does Not Support Video\"
</video>
`;

exports[`Snapshots Video No Video 1`] = `
<video
  className=""
  controls={true}
  height={undefined}
  width={undefined}>
  \"Your Browser Does Not Support Video\"
</video>
`;

exports[`Snapshots Video W=100% 1`] = `
<video
  className=""
  controls={true}
  height={undefined}
  width="100%">
  <source
    src="https://buffer-media-uploads.s3.amazonaws.com/52bc7a190a0e32ec4c000020/57bf2d1c6896977343f80535/output/87be589cc006a816411e8799ad3e67d9.original.mp4"
    type="video/mp4" />
  \"Your Browser Does Not Support Video\"
</video>
`;

exports[`Snapshots Video W=200px H=100px 1`] = `
<video
  className=""
  controls={true}
  height="100px"
  width="200px">
  <source
    src="https://buffer-media-uploads.s3.amazonaws.com/52bc7a190a0e32ec4c000020/57bf2d1c6896977343f80535/output/87be589cc006a816411e8799ad3e67d9.original.mp4"
    type="video/mp4" />
  \"Your Browser Does Not Support Video\"
</video>
`;

exports[`Snapshots Video rounded border 1`] = `
<video
  className="rounded"
  controls={true}
  height={undefined}
  width={undefined}>
  <source
    src="https://buffer-media-uploads.s3.amazonaws.com/52bc7a190a0e32ec4c000020/57bf2d1c6896977343f80535/output/87be589cc006a816411e8799ad3e67d9.original.mp4"
    type="video/mp4" />
  \"Your Browser Does Not Support Video\"
</video>
`;
